// Jest Snapshot v1, https://goo.gl/fbAQLP

exports[`Testing Header Component It should render Header Title 1`] = `
<div
  className="paginator"
/>
`;
