// Jest Snapshot v1, https://goo.gl/fbAQLP

exports[`Testing Loading Indicator Component It should render loading indicator 1`] = `
<div
  className="loading-bkg"
>
  <div
    className="loading-content"
  >
    Loading Data...
  </div>
</div>
`;
