// Jest Snapshot v1, https://goo.gl/fbAQLP

exports[`Testing App Component It should render App 1`] = `
<div
  className="App"
>
  <div
    className="header-container"
  >
    <div
      className="header"
    >
      <h1>
        Wikipedia Presents: Born On This Day
         
      </h1>
      <h2>
        12
        /
        17
        /
        1995
      </h2>
    </div>
  </div>
  <button
    disabled={false}
    onClick={[Function]}
  >
    Click to See Today's Birthdays!
  </button>
</div>
`;
